
==========================================================================
global route report_tns
--------------------------------------------------------------------------
tns 0.00

==========================================================================
global route report_wns
--------------------------------------------------------------------------
wns 0.00

==========================================================================
global route report_worst_slack
--------------------------------------------------------------------------
worst slack 6.87

==========================================================================
global route report_clock_skew
--------------------------------------------------------------------------
Clock clk_core
   0.68 source latency system_expander.i2cCtrl.ctrl_shiftRegister[7]$_DFFE_PP_/CLK ^
  -0.64 target latency system_expander.link_regAddr[7]$_DFFE_PP_/CLK ^
   0.15 clock uncertainty
   0.00 CRPR
--------------
   0.19 setup skew


==========================================================================
global route report_checks -path_delay min
--------------------------------------------------------------------------
Startpoint: system_expander.gpioCtrl_1.io_gpio_pins_read_buffercc.buffers_0[4]$_DFF_P_
            (rising edge-triggered flip-flop clocked by clk_core)
Endpoint: system_expander.gpioCtrl_1.io_gpio_pins_read_buffercc_1.buffers_1[4]$_DFF_P_
          (rising edge-triggered flip-flop clocked by clk_core)
Path Group: clk_core
Path Type: min

Fanout     Cap    Slew   Delay    Time   Description
-----------------------------------------------------------------------------
                          0.00    0.00   clock clk_core (rise edge)
                          0.00    0.00   clock source latency
    11    0.08    0.15    0.00    0.00 ^ sg13g2_IOPad_io_clock/p2c (sg13g2_IOPadIn)
                                         clock (net)
                  0.11    0.00    0.00 ^ clkbuf_0_clock/A (sg13g2_buf_1)
     4    0.03    0.14    0.18    0.18 ^ clkbuf_0_clock/X (sg13g2_buf_1)
                                         clknet_0_clock (net)
                  0.14    0.00    0.18 ^ clkbuf_2_3__f_clock/A (sg13g2_buf_1)
    13    0.07    0.30    0.30    0.48 ^ clkbuf_2_3__f_clock/X (sg13g2_buf_1)
                                         clknet_2_3__leaf_clock (net)
                  0.30    0.00    0.48 ^ clkbuf_leaf_25_clock/A (sg13g2_buf_2)
     5    0.02    0.05    0.17    0.65 ^ clkbuf_leaf_25_clock/X (sg13g2_buf_2)
                                         clknet_leaf_25_clock (net)
                  0.05    0.00    0.65 ^ system_expander.gpioCtrl_1.io_gpio_pins_read_buffercc.buffers_0[4]$_DFF_P_/CLK (sg13g2_dfrbp_1)
     2    0.01    0.05    0.23    0.88 v system_expander.gpioCtrl_1.io_gpio_pins_read_buffercc.buffers_0[4]$_DFF_P_/Q (sg13g2_dfrbp_1)
                                         system_expander.gpioCtrl_1.io_gpio_pins_read_buffercc.buffers_0[4] (net)
                  0.05    0.00    0.88 v system_expander.gpioCtrl_1.io_gpio_pins_read_buffercc_1.buffers_1[4]$_DFF_P_/D (sg13g2_dfrbp_1)
                                  0.88   data arrival time

                          0.00    0.00   clock clk_core (rise edge)
                          0.00    0.00   clock source latency
    11    0.08    0.15    0.00    0.00 ^ sg13g2_IOPad_io_clock/p2c (sg13g2_IOPadIn)
                                         clock (net)
                  0.11    0.00    0.00 ^ clkbuf_0_clock/A (sg13g2_buf_1)
     4    0.03    0.14    0.18    0.18 ^ clkbuf_0_clock/X (sg13g2_buf_1)
                                         clknet_0_clock (net)
                  0.14    0.00    0.18 ^ clkbuf_2_3__f_clock/A (sg13g2_buf_1)
    13    0.07    0.30    0.30    0.48 ^ clkbuf_2_3__f_clock/X (sg13g2_buf_1)
                                         clknet_2_3__leaf_clock (net)
                  0.30    0.00    0.48 ^ clkbuf_leaf_26_clock/A (sg13g2_buf_2)
     5    0.02    0.06    0.18    0.65 ^ clkbuf_leaf_26_clock/X (sg13g2_buf_2)
                                         clknet_leaf_26_clock (net)
                  0.06    0.00    0.65 ^ system_expander.gpioCtrl_1.io_gpio_pins_read_buffercc_1.buffers_1[4]$_DFF_P_/CLK (sg13g2_dfrbp_1)
                          0.15    0.80   clock uncertainty
                          0.00    0.80   clock reconvergence pessimism
                         -0.03    0.77   library hold time
                                  0.77   data required time
-----------------------------------------------------------------------------
                                  0.77   data required time
                                 -0.88   data arrival time
-----------------------------------------------------------------------------
                                  0.11   slack (MET)



==========================================================================
global route report_checks -path_delay max
--------------------------------------------------------------------------
Startpoint: system_expander.irq_fall_ctrl.pendings[0]$_SDFF_PN0_
            (rising edge-triggered flip-flop clocked by clk_core)
Endpoint: io_i2c_interrupt_PAD (output port clocked by clk_core)
Path Group: clk_core
Path Type: max

Fanout     Cap    Slew   Delay    Time   Description
-----------------------------------------------------------------------------
                          0.00    0.00   clock clk_core (rise edge)
                          0.00    0.00   clock source latency
    11    0.08    0.15    0.00    0.00 ^ sg13g2_IOPad_io_clock/p2c (sg13g2_IOPadIn)
                                         clock (net)
                  0.11    0.00    0.00 ^ clkbuf_0_clock/A (sg13g2_buf_1)
     4    0.03    0.14    0.18    0.18 ^ clkbuf_0_clock/X (sg13g2_buf_1)
                                         clknet_0_clock (net)
                  0.14    0.00    0.18 ^ clkbuf_2_2__f_clock/A (sg13g2_buf_1)
    15    0.08    0.32    0.31    0.50 ^ clkbuf_2_2__f_clock/X (sg13g2_buf_1)
                                         clknet_2_2__leaf_clock (net)
                  0.32    0.00    0.50 ^ clkbuf_leaf_16_clock/A (sg13g2_buf_2)
     5    0.02    0.06    0.18    0.68 ^ clkbuf_leaf_16_clock/X (sg13g2_buf_2)
                                         clknet_leaf_16_clock (net)
                  0.06    0.00    0.68 ^ system_expander.irq_fall_ctrl.pendings[0]$_SDFF_PN0_/CLK (sg13g2_dfrbp_1)
     2    0.02    0.08    0.26    0.93 ^ system_expander.irq_fall_ctrl.pendings[0]$_SDFF_PN0_/Q (sg13g2_dfrbp_1)
                                         system_expander.irq_fall_ctrl.pendings[0] (net)
                  0.08    0.00    0.93 ^ _1874_/B (sg13g2_and2_1)
     2    0.01    0.05    0.12    1.05 ^ _1874_/X (sg13g2_and2_1)
                                         _0315_ (net)
                  0.05    0.00    1.05 ^ _2044_/B1 (sg13g2_a21oi_1)
     1    0.01    0.07    0.05    1.10 v _2044_/Y (sg13g2_a21oi_1)
                                         _0476_ (net)
                  0.07    0.00    1.10 v _2048_/A (sg13g2_nand4_1)
     1    0.00    0.04    0.05    1.15 ^ _2048_/Y (sg13g2_nand4_1)
                                         _0480_ (net)
                  0.04    0.00    1.15 ^ _2064_/A (sg13g2_or4_1)
     1    0.10    0.41    0.37    1.52 ^ _2064_/X (sg13g2_or4_1)
                                         sg13g2_IOPad_io_i2c_interrupt_c2p (net)
                  0.55    0.00    1.52 ^ sg13g2_IOPad_io_i2c_interrupt/c2p (sg13g2_IOPadOut4mA)
     2    5.00    4.68    3.46    4.98 ^ sg13g2_IOPad_io_i2c_interrupt/pad (sg13g2_IOPadOut4mA)
                                         io_i2c_interrupt_PAD (net)
     0    5.00    3.51    0.00    4.98 ^ io_i2c_interrupt_PAD (inout)
                                         io_i2c_interrupt_PAD (net)
                                  4.98   data arrival time

                         20.00   20.00   clock clk_core (rise edge)
                          0.00   20.00   clock network delay (propagated)
                         -0.15   19.85   clock uncertainty
                          0.00   19.85   clock reconvergence pessimism
                         -8.00   11.85   output external delay
                                 11.85   data required time
-----------------------------------------------------------------------------
                                 11.85   data required time
                                 -4.98   data arrival time
-----------------------------------------------------------------------------
                                  6.87   slack (MET)



==========================================================================
global route report_checks -unconstrained
--------------------------------------------------------------------------
Startpoint: system_expander.irq_fall_ctrl.pendings[0]$_SDFF_PN0_
            (rising edge-triggered flip-flop clocked by clk_core)
Endpoint: io_i2c_interrupt_PAD (output port clocked by clk_core)
Path Group: clk_core
Path Type: max

Fanout     Cap    Slew   Delay    Time   Description
-----------------------------------------------------------------------------
                          0.00    0.00   clock clk_core (rise edge)
                          0.00    0.00   clock source latency
    11    0.08    0.15    0.00    0.00 ^ sg13g2_IOPad_io_clock/p2c (sg13g2_IOPadIn)
                                         clock (net)
                  0.11    0.00    0.00 ^ clkbuf_0_clock/A (sg13g2_buf_1)
     4    0.03    0.14    0.18    0.18 ^ clkbuf_0_clock/X (sg13g2_buf_1)
                                         clknet_0_clock (net)
                  0.14    0.00    0.18 ^ clkbuf_2_2__f_clock/A (sg13g2_buf_1)
    15    0.08    0.32    0.31    0.50 ^ clkbuf_2_2__f_clock/X (sg13g2_buf_1)
                                         clknet_2_2__leaf_clock (net)
                  0.32    0.00    0.50 ^ clkbuf_leaf_16_clock/A (sg13g2_buf_2)
     5    0.02    0.06    0.18    0.68 ^ clkbuf_leaf_16_clock/X (sg13g2_buf_2)
                                         clknet_leaf_16_clock (net)
                  0.06    0.00    0.68 ^ system_expander.irq_fall_ctrl.pendings[0]$_SDFF_PN0_/CLK (sg13g2_dfrbp_1)
     2    0.02    0.08    0.26    0.93 ^ system_expander.irq_fall_ctrl.pendings[0]$_SDFF_PN0_/Q (sg13g2_dfrbp_1)
                                         system_expander.irq_fall_ctrl.pendings[0] (net)
                  0.08    0.00    0.93 ^ _1874_/B (sg13g2_and2_1)
     2    0.01    0.05    0.12    1.05 ^ _1874_/X (sg13g2_and2_1)
                                         _0315_ (net)
                  0.05    0.00    1.05 ^ _2044_/B1 (sg13g2_a21oi_1)
     1    0.01    0.07    0.05    1.10 v _2044_/Y (sg13g2_a21oi_1)
                                         _0476_ (net)
                  0.07    0.00    1.10 v _2048_/A (sg13g2_nand4_1)
     1    0.00    0.04    0.05    1.15 ^ _2048_/Y (sg13g2_nand4_1)
                                         _0480_ (net)
                  0.04    0.00    1.15 ^ _2064_/A (sg13g2_or4_1)
     1    0.10    0.41    0.37    1.52 ^ _2064_/X (sg13g2_or4_1)
                                         sg13g2_IOPad_io_i2c_interrupt_c2p (net)
                  0.55    0.00    1.52 ^ sg13g2_IOPad_io_i2c_interrupt/c2p (sg13g2_IOPadOut4mA)
     2    5.00    4.68    3.46    4.98 ^ sg13g2_IOPad_io_i2c_interrupt/pad (sg13g2_IOPadOut4mA)
                                         io_i2c_interrupt_PAD (net)
     0    5.00    3.51    0.00    4.98 ^ io_i2c_interrupt_PAD (inout)
                                         io_i2c_interrupt_PAD (net)
                                  4.98   data arrival time

                         20.00   20.00   clock clk_core (rise edge)
                          0.00   20.00   clock network delay (propagated)
                         -0.15   19.85   clock uncertainty
                          0.00   19.85   clock reconvergence pessimism
                         -8.00   11.85   output external delay
                                 11.85   data required time
-----------------------------------------------------------------------------
                                 11.85   data required time
                                 -4.98   data arrival time
-----------------------------------------------------------------------------
                                  6.87   slack (MET)



==========================================================================
global route report_check_types -max_slew -max_cap -max_fanout -violators
--------------------------------------------------------------------------
max slew

Pin                                    Limit    Slew   Slack
------------------------------------------------------------
io_i2c_scl_PAD                          1.20    4.92   -3.72 (VIOLATED)
io_i2c_sda_PAD                          1.20    4.92   -3.72 (VIOLATED)
sg13g2_IOPad_io_i2c_scl/pad             1.20    4.92   -3.72 (VIOLATED)
sg13g2_IOPad_io_i2c_sda/pad             1.20    4.92   -3.72 (VIOLATED)
sg13g2_IOPad_io_i2c_interrupt/pad       1.20    4.68   -3.48 (VIOLATED)
io_i2c_interrupt_PAD                    1.20    4.68   -3.48 (VIOLATED)
IO_BOND_sg13g2_IOPad_io_i2c_scl/pad     3.00    3.69   -0.69 (VIOLATED)
sg13g2_IOPad_io_gpio_5/pad              1.20    1.43   -0.23 (VIOLATED)
sg13g2_IOPad_io_gpio_4/pad              1.20    1.43   -0.23 (VIOLATED)
sg13g2_IOPad_io_gpio_0/pad              1.20    1.43   -0.23 (VIOLATED)
sg13g2_IOPad_io_gpio_6/pad              1.20    1.43   -0.23 (VIOLATED)
sg13g2_IOPad_io_gpio_2/pad              1.20    1.43   -0.23 (VIOLATED)
sg13g2_IOPad_io_gpio_1/pad              1.20    1.43   -0.23 (VIOLATED)
sg13g2_IOPad_io_gpio_3/pad              1.20    1.43   -0.23 (VIOLATED)
sg13g2_IOPad_io_gpio_7/pad              1.20    1.43   -0.23 (VIOLATED)
io_gpio_0_PAD                           1.20    1.43   -0.23 (VIOLATED)
io_gpio_1_PAD                           1.20    1.43   -0.23 (VIOLATED)
io_gpio_2_PAD                           1.20    1.43   -0.23 (VIOLATED)
io_gpio_3_PAD                           1.20    1.43   -0.23 (VIOLATED)
io_gpio_4_PAD                           1.20    1.43   -0.23 (VIOLATED)
io_gpio_5_PAD                           1.20    1.43   -0.23 (VIOLATED)
io_gpio_6_PAD                           1.20    1.43   -0.23 (VIOLATED)
io_gpio_7_PAD                           1.20    1.43   -0.23 (VIOLATED)

max fanout

Pin                                   Limit Fanout  Slack
---------------------------------------------------------
sg13g2_IOPad_io_reset/p2c                 8     29    -21 (VIOLATED)
clkbuf_2_2__f_clock/X                     8     15     -7 (VIOLATED)
clkbuf_2_1__f_clock/X                     8     14     -6 (VIOLATED)
clkbuf_2_3__f_clock/X                     8     13     -5 (VIOLATED)
sg13g2_IOPad_io_gpio_5/p2c                8     12     -4 (VIOLATED)
sg13g2_IOPad_io_gpio_6/p2c                8     12     -4 (VIOLATED)
sg13g2_IOPad_io_clock/p2c                 8     11     -3 (VIOLATED)
sg13g2_IOPad_io_gpio_0/p2c                8     11     -3 (VIOLATED)
sg13g2_IOPad_io_gpio_1/p2c                8     11     -3 (VIOLATED)
sg13g2_IOPad_io_gpio_2/p2c                8     11     -3 (VIOLATED)
sg13g2_IOPad_io_gpio_3/p2c                8     11     -3 (VIOLATED)
sg13g2_IOPad_io_gpio_4/p2c                8     11     -3 (VIOLATED)
clkbuf_2_0__f_clock/X                     8     10     -2 (VIOLATED)

max capacitance

Pin                                    Limit     Cap   Slack
------------------------------------------------------------
io_gpio_0_PAD                           0.50    5.28   -4.78 (VIOLATED)
io_gpio_1_PAD                           0.50    5.28   -4.78 (VIOLATED)
io_gpio_2_PAD                           0.50    5.28   -4.78 (VIOLATED)
io_gpio_3_PAD                           0.50    5.28   -4.78 (VIOLATED)
io_gpio_4_PAD                           0.50    5.28   -4.78 (VIOLATED)
io_gpio_5_PAD                           0.50    5.28   -4.78 (VIOLATED)
io_gpio_6_PAD                           0.50    5.28   -4.78 (VIOLATED)
io_gpio_7_PAD                           0.50    5.28   -4.78 (VIOLATED)
sg13g2_IOPad_io_gpio_0/pad              0.50    5.28   -4.78 (VIOLATED)
sg13g2_IOPad_io_gpio_1/pad              0.50    5.28   -4.78 (VIOLATED)
sg13g2_IOPad_io_gpio_2/pad              0.50    5.28   -4.78 (VIOLATED)
sg13g2_IOPad_io_gpio_3/pad              0.50    5.28   -4.78 (VIOLATED)
sg13g2_IOPad_io_gpio_4/pad              0.50    5.28   -4.78 (VIOLATED)
sg13g2_IOPad_io_gpio_5/pad              0.50    5.28   -4.78 (VIOLATED)
sg13g2_IOPad_io_gpio_6/pad              0.50    5.28   -4.78 (VIOLATED)
sg13g2_IOPad_io_gpio_7/pad              0.50    5.28   -4.78 (VIOLATED)
io_address_0_PAD                        0.50    5.24   -4.74 (VIOLATED)
io_address_1_PAD                        0.50    5.24   -4.74 (VIOLATED)
io_address_2_PAD                        0.50    5.24   -4.74 (VIOLATED)
io_clock_PAD                            0.50    5.24   -4.74 (VIOLATED)
io_reset_PAD                            0.50    5.24   -4.74 (VIOLATED)
io_i2c_scl_PAD                          0.50    5.21   -4.71 (VIOLATED)
io_i2c_sda_PAD                          0.50    5.21   -4.71 (VIOLATED)
sg13g2_IOPad_io_i2c_scl/pad             0.50    5.21   -4.71 (VIOLATED)
sg13g2_IOPad_io_i2c_sda/pad             0.50    5.21   -4.71 (VIOLATED)
io_i2c_interrupt_PAD                    0.50    5.00   -4.50 (VIOLATED)
sg13g2_IOPad_io_i2c_interrupt/pad       0.50    5.00   -4.50 (VIOLATED)


==========================================================================
global route max_slew_check_slack
--------------------------------------------------------------------------
-3.717238664627075

==========================================================================
global route max_slew_check_limit
--------------------------------------------------------------------------
1.2000000476837158

==========================================================================
global route max_slew_check_slack_limit
--------------------------------------------------------------------------
-3.0977

==========================================================================
global route max_fanout_check_slack
--------------------------------------------------------------------------
-21.0

==========================================================================
global route max_fanout_check_limit
--------------------------------------------------------------------------
8.0

==========================================================================
global route max_fanout_check_slack_limit
--------------------------------------------------------------------------
-2.6250

==========================================================================
global route max_capacitance_check_slack
--------------------------------------------------------------------------
-4.784241676330566

==========================================================================
global route max_capacitance_check_limit
--------------------------------------------------------------------------
0.5

==========================================================================
global route max_capacitance_check_slack_limit
--------------------------------------------------------------------------
-9.5685

==========================================================================
global route max_slew_violation_count
--------------------------------------------------------------------------
max slew violation count 23

==========================================================================
global route max_fanout_violation_count
--------------------------------------------------------------------------
max fanout violation count 13

==========================================================================
global route max_cap_violation_count
--------------------------------------------------------------------------
max cap violation count 27

==========================================================================
global route setup_violation_count
--------------------------------------------------------------------------
setup violation count 0

==========================================================================
global route hold_violation_count
--------------------------------------------------------------------------
hold violation count 0

==========================================================================
global route report_checks -path_delay max reg to reg
--------------------------------------------------------------------------
Startpoint: system_expander.link_regAddr[0]$_DFFE_PP_
            (rising edge-triggered flip-flop clocked by clk_core)
Endpoint: system_expander.irq_high_ctrl.pendings[4]$_SDFF_PN0_
          (rising edge-triggered flip-flop clocked by clk_core)
Path Group: clk_core
Path Type: max

  Delay    Time   Description
---------------------------------------------------------
   0.00    0.00   clock clk_core (rise edge)
   0.00    0.00   clock source latency
   0.00    0.00 ^ sg13g2_IOPad_io_clock/p2c (sg13g2_IOPadIn)
   0.18    0.18 ^ clkbuf_0_clock/X (sg13g2_buf_1)
   0.29    0.47 ^ clkbuf_2_0__f_clock/X (sg13g2_buf_1)
   0.17    0.64 ^ clkbuf_leaf_3_clock/X (sg13g2_buf_2)
   0.00    0.64 ^ system_expander.link_regAddr[0]$_DFFE_PP_/CLK (sg13g2_dfrbp_1)
   0.22    0.86 ^ system_expander.link_regAddr[0]$_DFFE_PP_/Q (sg13g2_dfrbp_1)
   0.14    1.00 ^ _1290_/X (sg13g2_buf_1)
   0.13    1.13 ^ _1291_/X (sg13g2_buf_1)
   0.17    1.29 ^ fanout40/X (sg13g2_buf_1)
   0.17    1.46 v _1314_/Y (sg13g2_nand2_1)
   0.78    2.24 ^ _1707_/Y (sg13g2_nor4_1)
   0.17    2.42 v _1721_/Y (sg13g2_nand2_1)
   0.12    2.54 ^ _1722_/Y (sg13g2_a21oi_1)
   0.05    2.59 v _1723_/Y (sg13g2_nor2_1)
   0.00    2.59 v system_expander.irq_high_ctrl.pendings[4]$_SDFF_PN0_/D (sg13g2_dfrbp_1)
           2.59   data arrival time

  20.00   20.00   clock clk_core (rise edge)
   0.00   20.00   clock source latency
   0.00   20.00 ^ sg13g2_IOPad_io_clock/p2c (sg13g2_IOPadIn)
   0.18   20.18 ^ clkbuf_0_clock/X (sg13g2_buf_1)
   0.30   20.48 ^ clkbuf_2_3__f_clock/X (sg13g2_buf_1)
   0.18   20.66 ^ clkbuf_leaf_19_clock/X (sg13g2_buf_2)
   0.00   20.66 ^ system_expander.irq_high_ctrl.pendings[4]$_SDFF_PN0_/CLK (sg13g2_dfrbp_1)
  -0.15   20.51   clock uncertainty
   0.00   20.51   clock reconvergence pessimism
  -0.11   20.40   library setup time
          20.40   data required time
---------------------------------------------------------
          20.40   data required time
          -2.59   data arrival time
---------------------------------------------------------
          17.81   slack (MET)



==========================================================================
global route report_checks -path_delay min reg to reg
--------------------------------------------------------------------------
Startpoint: system_expander.gpioCtrl_1.io_gpio_pins_read_buffercc.buffers_0[4]$_DFF_P_
            (rising edge-triggered flip-flop clocked by clk_core)
Endpoint: system_expander.gpioCtrl_1.io_gpio_pins_read_buffercc_1.buffers_1[4]$_DFF_P_
          (rising edge-triggered flip-flop clocked by clk_core)
Path Group: clk_core
Path Type: min

  Delay    Time   Description
---------------------------------------------------------
   0.00    0.00   clock clk_core (rise edge)
   0.00    0.00   clock source latency
   0.00    0.00 ^ sg13g2_IOPad_io_clock/p2c (sg13g2_IOPadIn)
   0.18    0.18 ^ clkbuf_0_clock/X (sg13g2_buf_1)
   0.30    0.48 ^ clkbuf_2_3__f_clock/X (sg13g2_buf_1)
   0.17    0.65 ^ clkbuf_leaf_25_clock/X (sg13g2_buf_2)
   0.00    0.65 ^ system_expander.gpioCtrl_1.io_gpio_pins_read_buffercc.buffers_0[4]$_DFF_P_/CLK (sg13g2_dfrbp_1)
   0.23    0.88 v system_expander.gpioCtrl_1.io_gpio_pins_read_buffercc.buffers_0[4]$_DFF_P_/Q (sg13g2_dfrbp_1)
   0.00    0.88 v system_expander.gpioCtrl_1.io_gpio_pins_read_buffercc_1.buffers_1[4]$_DFF_P_/D (sg13g2_dfrbp_1)
           0.88   data arrival time

   0.00    0.00   clock clk_core (rise edge)
   0.00    0.00   clock source latency
   0.00    0.00 ^ sg13g2_IOPad_io_clock/p2c (sg13g2_IOPadIn)
   0.18    0.18 ^ clkbuf_0_clock/X (sg13g2_buf_1)
   0.30    0.48 ^ clkbuf_2_3__f_clock/X (sg13g2_buf_1)
   0.18    0.65 ^ clkbuf_leaf_26_clock/X (sg13g2_buf_2)
   0.00    0.65 ^ system_expander.gpioCtrl_1.io_gpio_pins_read_buffercc_1.buffers_1[4]$_DFF_P_/CLK (sg13g2_dfrbp_1)
   0.15    0.80   clock uncertainty
   0.00    0.80   clock reconvergence pessimism
  -0.03    0.77   library hold time
           0.77   data required time
---------------------------------------------------------
           0.77   data required time
          -0.88   data arrival time
---------------------------------------------------------
           0.11   slack (MET)



==========================================================================
global route critical path target clock latency max path
--------------------------------------------------------------------------
0.6622

==========================================================================
global route critical path target clock latency min path
--------------------------------------------------------------------------
0.6535

==========================================================================
global route critical path source clock latency min path
--------------------------------------------------------------------------
0.0000

==========================================================================
global route critical path delay
--------------------------------------------------------------------------
4.9791

==========================================================================
global route critical path slack
--------------------------------------------------------------------------
6.8709

==========================================================================
global route slack div critical path delay
--------------------------------------------------------------------------
137.994818

==========================================================================
global route report_power
--------------------------------------------------------------------------
Group                  Internal  Switching    Leakage      Total
                          Power      Power      Power      Power (Watts)
----------------------------------------------------------------
Sequential             1.06e-04   1.02e-05   9.87e-08   1.16e-04  41.9%
Combinational          4.00e-05   4.32e-05   1.23e-07   8.33e-05  30.1%
Clock                  3.41e-06   4.60e-06   1.45e-08   8.02e-06   2.9%
Macro                  0.00e+00   0.00e+00   0.00e+00   0.00e+00   0.0%
Pad                    1.90e-05   5.06e-05   2.32e-08   6.96e-05  25.1%
----------------------------------------------------------------
Total                  1.68e-04   1.09e-04   2.59e-07   2.77e-04 100.0%
                          60.7%      39.2%       0.1%
