violation type: Horizontal congestion
	srcs: net:sg13g2_IOPad_io_gpio_5_p2c
	comment: capacity:0 usage:1 overflow:1
	bbox = (309.6000, 381.6000) - (316.8000, 388.8000) on Layer -
violation type: Horizontal congestion
	srcs: net:sg13g2_IOPad_io_gpio_6_p2c
	comment: capacity:0 usage:1 overflow:1
	bbox = (309.6000, 468.0000) - (316.8000, 475.2000) on Layer -
violation type: Horizontal congestion
	srcs: net:sg13g2_IOPad_io_gpio_7_p2c
	comment: capacity:0 usage:1 overflow:1
	bbox = (309.6000, 547.2000) - (316.8000, 554.4000) on Layer -
violation type: Horizontal congestion
	srcs: net:sg13g2_IOPad_io_address_0_p2c
	comment: capacity:0 usage:1 overflow:1
	bbox = (727.2000, 511.2000) - (734.4000, 518.4000) on Layer -
violation type: Horizontal congestion
	srcs: net:sg13g2_IOPad_io_address_1_p2c
	comment: capacity:0 usage:1 overflow:1
	bbox = (727.2000, 597.6000) - (734.4000, 604.8000) on Layer -
violation type: Horizontal congestion
	srcs: net:sg13g2_IOPad_io_address_2_p2c
	comment: capacity:0 usage:1 overflow:1
	bbox = (727.2000, 676.8000) - (734.4000, 684.0000) on Layer -
